// Jest Snapshot v1, https://goo.gl/fbAQLP

exports[`the wrapped component is rendered 1`] = `
ShallowWrapper {
  "length": 1,
  Symbol(enzyme.__root__): [Circular],
  Symbol(enzyme.__unrendered__): <Component />,
  Symbol(enzyme.__renderer__): Object {
    "batchedUpdates": [Function],
    "getNode": [Function],
    "render": [Function],
    "simulateEvent": [Function],
    "unmount": [Function],
  },
  Symbol(enzyme.__node__): Object {
    "instance": null,
    "key": undefined,
    "nodeType": "function",
    "props": Object {
      "layerSources": Array [
        Object {
          "attribution": Object {
            "defaultMessage": "&copy; <a href='https://openstreetmap.org'>OpenStreetMap</a> contributors, <a href='https://creativecommons.org/licenses/by-sa/2.0/'>CC-BY-SA</a>",
            "id": "map.attribution.openStreetMap",
          },
          "layerId": "OpenStreetMap",
          "name": Object {
            "defaultMessage": "OpenStreetMap",
            "id": "map.name.openStreetMap",
          },
          "url": "https://{s}.tile.openstreetmap.org/{z}/{x}/{y}.png",
        },
        Object {
          "accessToken": "",
          "attribution": Object {
            "defaultMessage": "&copy; OpenCycleMap, Map data &copy; <a href='https://openstreetmap.org'>OpenStreetMap</a> contributors, <a href='https://creativecommons.org/licenses/by-sa/2.0/'>CC-BY-SA</a>",
            "id": "map.attribution.openCycleMap",
          },
          "layerId": "OpenCycleMap",
          "name": Object {
            "defaultMessage": "OpenCycleMap",
            "id": "map.name.openCycleMap",
          },
          "url": "https://{s}.tile.opencyclemap.org/cycle/{z}/{x}/{y}.png",
        },
        Object {
          "attribution": Object {
            "defaultMessage": "Tiles &copy; Esri &mdash; Source: Esri, i-cubed, USDA, USGS, AEX, GeoEye, Getmapping, Aerogrid, IGN, IGP, UPR-EGP, and the GIS User Community",
            "id": "map.attribution.bing",
          },
          "layerId": "Bing",
          "name": Object {
            "defaultMessage": "Bing",
            "id": "map.name.bing",
          },
          "url": "https://server.arcgisonline.com/ArcGIS/rest/services/World_Imagery/MapServer/tile/{z}/{y}/{x}",
        },
      ],
    },
    "ref": null,
    "rendered": null,
    "type": [Function],
  },
  Symbol(enzyme.__nodes__): Array [
    Object {
      "instance": null,
      "key": undefined,
      "nodeType": "function",
      "props": Object {
        "layerSources": Array [
          Object {
            "attribution": Object {
              "defaultMessage": "&copy; <a href='https://openstreetmap.org'>OpenStreetMap</a> contributors, <a href='https://creativecommons.org/licenses/by-sa/2.0/'>CC-BY-SA</a>",
              "id": "map.attribution.openStreetMap",
            },
            "layerId": "OpenStreetMap",
            "name": Object {
              "defaultMessage": "OpenStreetMap",
              "id": "map.name.openStreetMap",
            },
            "url": "https://{s}.tile.openstreetmap.org/{z}/{x}/{y}.png",
          },
          Object {
            "accessToken": "",
            "attribution": Object {
              "defaultMessage": "&copy; OpenCycleMap, Map data &copy; <a href='https://openstreetmap.org'>OpenStreetMap</a> contributors, <a href='https://creativecommons.org/licenses/by-sa/2.0/'>CC-BY-SA</a>",
              "id": "map.attribution.openCycleMap",
            },
            "layerId": "OpenCycleMap",
            "name": Object {
              "defaultMessage": "OpenCycleMap",
              "id": "map.name.openCycleMap",
            },
            "url": "https://{s}.tile.opencyclemap.org/cycle/{z}/{x}/{y}.png",
          },
          Object {
            "attribution": Object {
              "defaultMessage": "Tiles &copy; Esri &mdash; Source: Esri, i-cubed, USDA, USGS, AEX, GeoEye, Getmapping, Aerogrid, IGN, IGP, UPR-EGP, and the GIS User Community",
              "id": "map.attribution.bing",
            },
            "layerId": "Bing",
            "name": Object {
              "defaultMessage": "Bing",
              "id": "map.name.bing",
            },
            "url": "https://server.arcgisonline.com/ArcGIS/rest/services/World_Imagery/MapServer/tile/{z}/{y}/{x}",
          },
        ],
      },
      "ref": null,
      "rendered": null,
      "type": [Function],
    },
  ],
  Symbol(enzyme.__options__): Object {
    "adapter": ReactSixteenAdapter {
      "options": Object {
        "enableComponentDidUpdateOnSetState": true,
      },
    },
  },
}
`;
