// Jest Snapshot v1, https://goo.gl/fbAQLP

exports[`renders with props as expected 1`] = `
ShallowWrapper {
  "length": 1,
  Symbol(enzyme.__root__): [Circular],
  Symbol(enzyme.__unrendered__): <TaskMap
    activateKeyboardShortcutGroup={
      [MockFunction] {
        "calls": Array [
          Array [
            Object {},
            [Function],
          ],
        ],
        "results": Array [
          Object {
            "isThrow": false,
            "value": undefined,
          },
        ],
      }
    }
    centerPoint={
      Object {
        "lat": 0,
        "lng": 0,
      }
    }
    deactivateKeyboardShortcutGroup={[MockFunction]}
    fetchOSMData={[MockFunction]}
    setTaskMapBounds={[MockFunction]}
    task={
      Object {
        "geometries": Object {
          "features": null,
        },
        "id": 2,
        "parent": Object {
          "defaultZoom": 2,
          "maxZoom": 0,
          "minZoom": 1,
        },
      }
    }
  />,
  Symbol(enzyme.__renderer__): Object {
    "batchedUpdates": [Function],
    "getNode": [Function],
    "render": [Function],
    "simulateEvent": [Function],
    "unmount": [Function],
  },
  Symbol(enzyme.__node__): Object {
    "instance": null,
    "key": undefined,
    "nodeType": "host",
    "props": Object {
      "children": Array [
        <Connect(Connect(Connect(InjectIntl(_WithLayerSources))))
          activateKeyboardShortcutGroup={
            [MockFunction] {
              "calls": Array [
                Array [
                  Object {},
                  [Function],
                ],
              ],
              "results": Array [
                Object {
                  "isThrow": false,
                  "value": undefined,
                },
              ],
            }
          }
          centerPoint={
            Object {
              "lat": 0,
              "lng": 0,
            }
          }
          deactivateKeyboardShortcutGroup={[MockFunction]}
          fetchOSMData={[MockFunction]}
          mapillaryCount={0}
          mapillaryLoading={false}
          osmDataLoading={false}
          setTaskMapBounds={[MockFunction]}
          showOSMData={false}
          showTaskFeatures={true}
          task={
            Object {
              "geometries": Object {
                "features": null,
              },
              "id": 2,
              "parent": Object {
                "defaultZoom": 2,
                "maxZoom": 0,
                "minZoom": 1,
              },
            }
          }
          toggleMapillary={[Function]}
          toggleOSMData={[Function]}
          toggleTaskFeatures={[Function]}
        />,
        <EnhancedMap
          animateFeatures={true}
          center={
            Object {
              "lat": 0,
              "lng": 0,
            }
          }
          features={null}
          fitFeaturesOnlyAsNecessary={true}
          justFitFeatures={false}
          maxZoom={0}
          minZoom={1}
          onBoundsChange={[Function]}
          setInitialBounds={true}
          worldCopyJump={true}
          zoom={2}
          zoomControl={false}
        >
          <ZoomControl
            position="topright"
          />
          <Connect(InjectIntl(FitBoundsControl)) />
          <InjectIntl(SourcedTileLayer)
            activateKeyboardShortcutGroup={
              [MockFunction] {
                "calls": Array [
                  Array [
                    Object {},
                    [Function],
                  ],
                ],
                "results": Array [
                  Object {
                    "isThrow": false,
                    "value": undefined,
                  },
                ],
              }
            }
            centerPoint={
              Object {
                "lat": 0,
                "lng": 0,
              }
            }
            deactivateKeyboardShortcutGroup={[MockFunction]}
            fetchOSMData={[MockFunction]}
            maxZoom={0}
            setTaskMapBounds={[MockFunction]}
            task={
              Object {
                "geometries": Object {
                  "features": null,
                },
                "id": 2,
                "parent": Object {
                  "defaultZoom": 2,
                  "maxZoom": 0,
                  "minZoom": 1,
                },
              }
            }
            zIndex={1}
          />
        </EnhancedMap>,
        null,
      ],
      "className": "task-map task",
    },
    "ref": null,
    "rendered": Array [
      Object {
        "instance": null,
        "key": undefined,
        "nodeType": "class",
        "props": Object {
          "activateKeyboardShortcutGroup": [MockFunction] {
            "calls": Array [
              Array [
                Object {},
                [Function],
              ],
            ],
            "results": Array [
              Object {
                "isThrow": false,
                "value": undefined,
              },
            ],
          },
          "centerPoint": Object {
            "lat": 0,
            "lng": 0,
          },
          "deactivateKeyboardShortcutGroup": [MockFunction],
          "fetchOSMData": [MockFunction],
          "mapillaryCount": 0,
          "mapillaryLoading": false,
          "osmDataLoading": false,
          "setTaskMapBounds": [MockFunction],
          "showMapillary": undefined,
          "showOSMData": false,
          "showTaskFeatures": true,
          "task": Object {
            "geometries": Object {
              "features": null,
            },
            "id": 2,
            "parent": Object {
              "defaultZoom": 2,
              "maxZoom": 0,
              "minZoom": 1,
            },
          },
          "toggleMapillary": [Function],
          "toggleOSMData": [Function],
          "toggleTaskFeatures": [Function],
        },
        "ref": null,
        "rendered": null,
        "type": [Function],
      },
      Object {
        "instance": null,
        "key": undefined,
        "nodeType": "class",
        "props": Object {
          "animateFeatures": true,
          "center": Object {
            "lat": 0,
            "lng": 0,
          },
          "children": Array [
            <ZoomControl
              position="topright"
            />,
            <Connect(InjectIntl(FitBoundsControl)) />,
            <InjectIntl(SourcedTileLayer)
              activateKeyboardShortcutGroup={
                [MockFunction] {
                  "calls": Array [
                    Array [
                      Object {},
                      [Function],
                    ],
                  ],
                  "results": Array [
                    Object {
                      "isThrow": false,
                      "value": undefined,
                    },
                  ],
                }
              }
              centerPoint={
                Object {
                  "lat": 0,
                  "lng": 0,
                }
              }
              deactivateKeyboardShortcutGroup={[MockFunction]}
              fetchOSMData={[MockFunction]}
              maxZoom={0}
              setTaskMapBounds={[MockFunction]}
              task={
                Object {
                  "geometries": Object {
                    "features": null,
                  },
                  "id": 2,
                  "parent": Object {
                    "defaultZoom": 2,
                    "maxZoom": 0,
                    "minZoom": 1,
                  },
                }
              }
              zIndex={1}
            />,
            Array [],
            false,
            undefined,
          ],
          "features": null,
          "fitFeaturesOnlyAsNecessary": true,
          "justFitFeatures": false,
          "maxZoom": 0,
          "minZoom": 1,
          "onBoundsChange": [Function],
          "setInitialBounds": true,
          "worldCopyJump": true,
          "zoom": 2,
          "zoomControl": false,
        },
        "ref": null,
        "rendered": Array [
          Object {
            "instance": null,
            "key": undefined,
            "nodeType": "class",
            "props": Object {
              "position": "topright",
            },
            "ref": null,
            "rendered": null,
            "type": [Function],
          },
          Object {
            "instance": null,
            "key": undefined,
            "nodeType": "class",
            "props": Object {},
            "ref": null,
            "rendered": null,
            "type": [Function],
          },
          Object {
            "instance": null,
            "key": undefined,
            "nodeType": "class",
            "props": Object {
              "activateKeyboardShortcutGroup": [MockFunction] {
                "calls": Array [
                  Array [
                    Object {},
                    [Function],
                  ],
                ],
                "results": Array [
                  Object {
                    "isThrow": false,
                    "value": undefined,
                  },
                ],
              },
              "centerPoint": Object {
                "lat": 0,
                "lng": 0,
              },
              "deactivateKeyboardShortcutGroup": [MockFunction],
              "fetchOSMData": [MockFunction],
              "maxZoom": 0,
              "setTaskMapBounds": [MockFunction],
              "task": Object {
                "geometries": Object {
                  "features": null,
                },
                "id": 2,
                "parent": Object {
                  "defaultZoom": 2,
                  "maxZoom": 0,
                  "minZoom": 1,
                },
              },
              "zIndex": 1,
            },
            "ref": null,
            "rendered": null,
            "type": [Function],
          },
          false,
          undefined,
        ],
        "type": [Function],
      },
      null,
    ],
    "type": "div",
  },
  Symbol(enzyme.__nodes__): Array [
    Object {
      "instance": null,
      "key": undefined,
      "nodeType": "host",
      "props": Object {
        "children": Array [
          <Connect(Connect(Connect(InjectIntl(_WithLayerSources))))
            activateKeyboardShortcutGroup={
              [MockFunction] {
                "calls": Array [
                  Array [
                    Object {},
                    [Function],
                  ],
                ],
                "results": Array [
                  Object {
                    "isThrow": false,
                    "value": undefined,
                  },
                ],
              }
            }
            centerPoint={
              Object {
                "lat": 0,
                "lng": 0,
              }
            }
            deactivateKeyboardShortcutGroup={[MockFunction]}
            fetchOSMData={[MockFunction]}
            mapillaryCount={0}
            mapillaryLoading={false}
            osmDataLoading={false}
            setTaskMapBounds={[MockFunction]}
            showOSMData={false}
            showTaskFeatures={true}
            task={
              Object {
                "geometries": Object {
                  "features": null,
                },
                "id": 2,
                "parent": Object {
                  "defaultZoom": 2,
                  "maxZoom": 0,
                  "minZoom": 1,
                },
              }
            }
            toggleMapillary={[Function]}
            toggleOSMData={[Function]}
            toggleTaskFeatures={[Function]}
          />,
          <EnhancedMap
            animateFeatures={true}
            center={
              Object {
                "lat": 0,
                "lng": 0,
              }
            }
            features={null}
            fitFeaturesOnlyAsNecessary={true}
            justFitFeatures={false}
            maxZoom={0}
            minZoom={1}
            onBoundsChange={[Function]}
            setInitialBounds={true}
            worldCopyJump={true}
            zoom={2}
            zoomControl={false}
          >
            <ZoomControl
              position="topright"
            />
            <Connect(InjectIntl(FitBoundsControl)) />
            <InjectIntl(SourcedTileLayer)
              activateKeyboardShortcutGroup={
                [MockFunction] {
                  "calls": Array [
                    Array [
                      Object {},
                      [Function],
                    ],
                  ],
                  "results": Array [
                    Object {
                      "isThrow": false,
                      "value": undefined,
                    },
                  ],
                }
              }
              centerPoint={
                Object {
                  "lat": 0,
                  "lng": 0,
                }
              }
              deactivateKeyboardShortcutGroup={[MockFunction]}
              fetchOSMData={[MockFunction]}
              maxZoom={0}
              setTaskMapBounds={[MockFunction]}
              task={
                Object {
                  "geometries": Object {
                    "features": null,
                  },
                  "id": 2,
                  "parent": Object {
                    "defaultZoom": 2,
                    "maxZoom": 0,
                    "minZoom": 1,
                  },
                }
              }
              zIndex={1}
            />
          </EnhancedMap>,
          null,
        ],
        "className": "task-map task",
      },
      "ref": null,
      "rendered": Array [
        Object {
          "instance": null,
          "key": undefined,
          "nodeType": "class",
          "props": Object {
            "activateKeyboardShortcutGroup": [MockFunction] {
              "calls": Array [
                Array [
                  Object {},
                  [Function],
                ],
              ],
              "results": Array [
                Object {
                  "isThrow": false,
                  "value": undefined,
                },
              ],
            },
            "centerPoint": Object {
              "lat": 0,
              "lng": 0,
            },
            "deactivateKeyboardShortcutGroup": [MockFunction],
            "fetchOSMData": [MockFunction],
            "mapillaryCount": 0,
            "mapillaryLoading": false,
            "osmDataLoading": false,
            "setTaskMapBounds": [MockFunction],
            "showMapillary": undefined,
            "showOSMData": false,
            "showTaskFeatures": true,
            "task": Object {
              "geometries": Object {
                "features": null,
              },
              "id": 2,
              "parent": Object {
                "defaultZoom": 2,
                "maxZoom": 0,
                "minZoom": 1,
              },
            },
            "toggleMapillary": [Function],
            "toggleOSMData": [Function],
            "toggleTaskFeatures": [Function],
          },
          "ref": null,
          "rendered": null,
          "type": [Function],
        },
        Object {
          "instance": null,
          "key": undefined,
          "nodeType": "class",
          "props": Object {
            "animateFeatures": true,
            "center": Object {
              "lat": 0,
              "lng": 0,
            },
            "children": Array [
              <ZoomControl
                position="topright"
              />,
              <Connect(InjectIntl(FitBoundsControl)) />,
              <InjectIntl(SourcedTileLayer)
                activateKeyboardShortcutGroup={
                  [MockFunction] {
                    "calls": Array [
                      Array [
                        Object {},
                        [Function],
                      ],
                    ],
                    "results": Array [
                      Object {
                        "isThrow": false,
                        "value": undefined,
                      },
                    ],
                  }
                }
                centerPoint={
                  Object {
                    "lat": 0,
                    "lng": 0,
                  }
                }
                deactivateKeyboardShortcutGroup={[MockFunction]}
                fetchOSMData={[MockFunction]}
                maxZoom={0}
                setTaskMapBounds={[MockFunction]}
                task={
                  Object {
                    "geometries": Object {
                      "features": null,
                    },
                    "id": 2,
                    "parent": Object {
                      "defaultZoom": 2,
                      "maxZoom": 0,
                      "minZoom": 1,
                    },
                  }
                }
                zIndex={1}
              />,
              Array [],
              false,
              undefined,
            ],
            "features": null,
            "fitFeaturesOnlyAsNecessary": true,
            "justFitFeatures": false,
            "maxZoom": 0,
            "minZoom": 1,
            "onBoundsChange": [Function],
            "setInitialBounds": true,
            "worldCopyJump": true,
            "zoom": 2,
            "zoomControl": false,
          },
          "ref": null,
          "rendered": Array [
            Object {
              "instance": null,
              "key": undefined,
              "nodeType": "class",
              "props": Object {
                "position": "topright",
              },
              "ref": null,
              "rendered": null,
              "type": [Function],
            },
            Object {
              "instance": null,
              "key": undefined,
              "nodeType": "class",
              "props": Object {},
              "ref": null,
              "rendered": null,
              "type": [Function],
            },
            Object {
              "instance": null,
              "key": undefined,
              "nodeType": "class",
              "props": Object {
                "activateKeyboardShortcutGroup": [MockFunction] {
                  "calls": Array [
                    Array [
                      Object {},
                      [Function],
                    ],
                  ],
                  "results": Array [
                    Object {
                      "isThrow": false,
                      "value": undefined,
                    },
                  ],
                },
                "centerPoint": Object {
                  "lat": 0,
                  "lng": 0,
                },
                "deactivateKeyboardShortcutGroup": [MockFunction],
                "fetchOSMData": [MockFunction],
                "maxZoom": 0,
                "setTaskMapBounds": [MockFunction],
                "task": Object {
                  "geometries": Object {
                    "features": null,
                  },
                  "id": 2,
                  "parent": Object {
                    "defaultZoom": 2,
                    "maxZoom": 0,
                    "minZoom": 1,
                  },
                },
                "zIndex": 1,
              },
              "ref": null,
              "rendered": null,
              "type": [Function],
            },
            false,
            undefined,
          ],
          "type": [Function],
        },
        null,
      ],
      "type": "div",
    },
  ],
  Symbol(enzyme.__options__): Object {
    "adapter": ReactSixteenAdapter {
      "options": Object {
        "enableComponentDidUpdateOnSetState": true,
      },
    },
  },
}
`;
