// Jest Snapshot v1, https://goo.gl/fbAQLP

exports[`mapDispatchToProps maps function performSearch 1`] = `
Object {
  "clearMapBounds": [Function],
  "clearSearch": [Function],
  "clearSearchFilters": [Function],
  "locateMapToUser": [Function],
  "performSearch": [Function],
  "removeSearchFilters": [Function],
  "removeSearchSort": [Function],
  "setChallengeOwnerMapBounds": [Function],
  "setChallengeSearchMapBounds": [Function],
  "setKeywordFilter": [Function],
  "setSearch": [Function],
  "setSearchArchived": [Function],
  "setSearchFilters": [Function],
  "setSearchPage": [Function],
  "setSearchSort": [Function],
  "setTaskMapBounds": [Function],
}
`;

exports[`mapDispatchToProps maps function setSearch 1`] = `
Object {
  "clearMapBounds": [Function],
  "clearSearch": [Function],
  "clearSearchFilters": [Function],
  "locateMapToUser": [Function],
  "performSearch": [Function],
  "removeSearchFilters": [Function],
  "removeSearchSort": [Function],
  "setChallengeOwnerMapBounds": [Function],
  "setChallengeSearchMapBounds": [Function],
  "setKeywordFilter": [Function],
  "setSearch": [Function],
  "setSearchArchived": [Function],
  "setSearchFilters": [Function],
  "setSearchPage": [Function],
  "setSearchSort": [Function],
  "setTaskMapBounds": [Function],
}
`;

exports[`mapStateToProps maps currentSearch 1`] = `
Object {
  "archived": false,
  "currentSearch": Object {
    "challenges": Object {
      "filters": Object {
        "difficulty": "hard",
        "featured": true,
        "keywords": "testing",
        "location": "USA",
      },
      "mapBounds": Object {
        "bounds": Array [
          1,
          2,
          3,
          4,
        ],
      },
      "sort": Object {
        "direction": "desc",
        "sortBy": "created",
      },
    },
    "searchQueryTest": "searchQueryValue",
  },
  "mapBounds": Object {
    "bounds": Object {
      "_northEast": Object {
        "lat": 22.51255695405145,
        "lng": 96.15234375,
      },
      "_southWest": Object {
        "lat": -22.512556954051437,
        "lng": -6.152343750000001,
      },
    },
  },
  "searchCriteria": undefined,
  "searchFilters": Object {},
  "searchPage": Object {},
  "searchSort": Object {},
}
`;

exports[`searchQueries are passed through to the wrapped component 1`] = `ShallowWrapper {}`;

exports[`searchQueries.searchGroup is passed through to the wrapped component 1`] = `ShallowWrapper {}`;
