// Jest Snapshot v1, https://goo.gl/fbAQLP

exports[`mapDispatchToProps maps function performSearch 1`] = `
{
  "clearMapBounds": [Function],
  "clearSearch": [Function],
  "clearSearchDispatch": [Function],
  "clearSearchFilters": [Function],
  "locateMapToUser": [Function],
  "performSearch": [Function],
  "removeSearchFilters": [Function],
  "removeSearchSort": [Function],
  "setCategorizationFilters": [Function],
  "setChallengeOwnerMapBounds": [Function],
  "setChallengeSearchMapBounds": [Function],
  "setKeywordFilter": [Function],
  "setSearch": [Function],
  "setSearchFilters": [Function],
  "setSearchPage": [Function],
  "setSearchSort": [Function],
  "setTaskMapBounds": [Function],
}
`;

exports[`mapDispatchToProps maps function setSearch 1`] = `
{
  "clearMapBounds": [Function],
  "clearSearch": [Function],
  "clearSearchDispatch": [Function],
  "clearSearchFilters": [Function],
  "locateMapToUser": [Function],
  "performSearch": [Function],
  "removeSearchFilters": [Function],
  "removeSearchSort": [Function],
  "setCategorizationFilters": [Function],
  "setChallengeOwnerMapBounds": [Function],
  "setChallengeSearchMapBounds": [Function],
  "setKeywordFilter": [Function],
  "setSearch": [Function],
  "setSearchFilters": [Function],
  "setSearchPage": [Function],
  "setSearchSort": [Function],
  "setTaskMapBounds": [Function],
}
`;

exports[`mapStateToProps maps currentSearch 1`] = `
{
  "currentSearch": {
    "challenges": {
      "filters": {
        "difficulty": "hard",
        "featured": true,
        "keywords": "testing",
        "location": "USA",
      },
      "mapBounds": {
        "bounds": [
          1,
          2,
          3,
          4,
        ],
      },
      "sort": {
        "direction": "desc",
        "sortBy": "created",
      },
    },
    "searchQueryTest": "searchQueryValue",
  },
  "mapBounds": {
    "bounds": {
      "_northEast": {
        "lat": 22.51255695405145,
        "lng": 96.15234375,
      },
      "_southWest": {
        "lat": -22.512556954051437,
        "lng": -6.152343750000001,
      },
    },
  },
  "searchCriteria": undefined,
  "searchFilters": {},
  "searchPage": {},
  "searchSort": {},
}
`;

exports[`searchQueries are passed through to the wrapped component 1`] = `ShallowWrapper {}`;

exports[`searchQueries.searchGroup is passed through to the wrapped component 1`] = `ShallowWrapper {}`;
